###############################################################################
#                                                                             #
# IAR C/C++ Compiler V8.30.1.41636 for 8051             14/Oct/2015  18:27:25 #
# Copyright 2004-2013 IAR Systems AB.                                         #
#                                                                             #
#    Core               =  plain                                              #
#    Code model         =  banked                                             #
#    Data model         =  large                                              #
#    Calling convention =  xdata reentrant                                    #
#    Constant location  =  data_rom                                           #
#    Dptr setup         =  1,16                                               #
#                                                                             #
#    Source file        =  C:\Users\paolo\Documents\GitHub\zpowermeter\firmwa #
#                          re\Source\OSAL_PowerMeter.c                        #
#    Command line       =  -f C:\Users\paolo\Documents\GitHub\zpowermeter\fir #
#                          mware\CC2530DB\..\Tools\f8wRouter.cfg (-DCPU32MHZ  #
#                          -DROOT=__near_func -DMAC_CFG_APP_PENDING_QUEUE=TRU #
#                          E -DMAC_CFG_TX_DATA_MAX=5 -DMAC_CFG_TX_MAX=8       #
#                          -DMAC_CFG_RX_MAX=5 -DRTR_NWK) -f                   #
#                          C:\Users\paolo\Documents\GitHub\zpowermeter\firmwa #
#                          re\CC2530DB\..\Tools\f8wConfig.cfg (-DZIGBEEPRO    #
#                          -DSECURE=0 -DZG_SECURE_DYNAMIC=0 -DREFLECTOR       #
#                          -DDEFAULT_CHANLIST=0x00000800                      #
#                          -DZDAPP_CONFIG_PAN_ID=0xFFFF                       #
#                          -DNWK_START_DELAY=100 -DEXTENDED_JOINING_RANDOM_MA #
#                          SK=0x007F -DBEACON_REQUEST_DELAY=100               #
#                          -DBEACON_REQ_DELAY_MASK=0x00FF                     #
#                          -DLINK_STATUS_JITTER_MASK=0x007F                   #
#                          -DROUTE_EXPIRY_TIME=30 -DAPSC_ACK_WAIT_DURATION_PO #
#                          LLED=3000 -DNWK_INDIRECT_MSG_TIMEOUT=7             #
#                          -DMAX_RREQ_ENTRIES=8 -DAPSC_MAX_FRAME_RETRIES=3    #
#                          -DNWK_MAX_DATA_RETRIES=2                           #
#                          -DMAX_POLL_FAILURE_RETRIES=2 -DMAX_BCAST=9         #
#                          -DAPS_MAX_GROUPS=16 -DMAX_RTG_ENTRIES=40           #
#                          -DNWK_MAX_BINDING_ENTRIES=4                        #
#                          -DMAX_BINDING_CLUSTER_IDS=4 "-DDEFAULT_KEY={0x01,  #
#                          0x03, 0x05, 0x07, 0x09, 0x0B, 0x0D, 0x0F, 0x00,    #
#                          0x02, 0x04, 0x06, 0x08, 0x0A, 0x0C, 0x0D}"         #
#                          -DMAC_MAX_FRAME_SIZE=116                           #
#                          -DZDNWKMGR_MIN_TRANSMISSIONS=20 "-DCONST=const     #
#                          __code" -DGENERIC=__generic                        #
#                          -DRFD_RCVC_ALWAYS_ON=FALSE -DPOLL_RATE=5000        #
#                          -DQUEUED_POLL_RATE=100 -DRESPONSE_POLL_RATE=100    #
#                          -DREJOIN_POLL_RATE=440) -f                         #
#                          C:\Users\paolo\Documents\GitHub\zpowermeter\firmwa #
#                          re\CC2530DB\..\Tools\f8wZCL.cfg                    #
#                          C:\Users\paolo\Documents\GitHub\zpowermeter\firmwa #
#                          re\Source\OSAL_PowerMeter.c -D SECURE=0 -D         #
#                          OSC32K_CRYSTAL_INSTALLED=FALSE -D HAL_KEY=FALSE    #
#                          -D HAL_BOARD_CC2530EB_REV17 -D TC_LINKKEY_JOIN -D  #
#                          NV_INIT -D xNV_RESTORE -D MULTICAST_ENABLED=FALSE  #
#                          -D ZCL_READ -D ZCL_WRITE -D ZCL_REPORT -D          #
#                          FEATURE_SYSTEM_STATS -lC                           #
#                          C:\Users\paolo\Documents\GitHub\zpowermeter\firmwa #
#                          re\CC2530DB\RouterEB\List\ -lA                     #
#                          C:\Users\paolo\Documents\GitHub\zpowermeter\firmwa #
#                          re\CC2530DB\RouterEB\List\ --diag_suppress         #
#                          Pe001,Pa010 -o C:\Users\paolo\Documents\GitHub\zpo #
#                          wermeter\firmware\CC2530DB\RouterEB\Obj\ -e        #
#                          --debug --core=plain --dptr=16,1                   #
#                          --data_model=large --code_model=banked             #
#                          --calling_convention=xdata_reentrant               #
#                          --place_constants=data_rom --nr_virtual_regs 16    #
#                          -I C:\Users\paolo\Documents\GitHub\zpowermeter\fir #
#                          mware\CC2530DB\ -I C:\Users\paolo\Documents\GitHub #
#                          \zpowermeter\firmware\CC2530DB\..\Source\ -I       #
#                          C:\Users\paolo\Documents\GitHub\zpowermeter\firmwa #
#                          re\CC2530DB\..\Source\ha\ -I                       #
#                          C:\Users\paolo\Documents\GitHub\zpowermeter\firmwa #
#                          re\CC2530DB\..\Source\zmain\ -I                    #
#                          C:\Users\paolo\Documents\GitHub\zpowermeter\firmwa #
#                          re\CC2530DB\..\Components\hal\include\ -I          #
#                          C:\Users\paolo\Documents\GitHub\zpowermeter\firmwa #
#                          re\CC2530DB\..\Components\hal\target\CC2530EB\ -I  #
#                          C:\Users\paolo\Documents\GitHub\zpowermeter\firmwa #
#                          re\CC2530DB\..\Components\mac\include\ -I          #
#                          C:\Users\paolo\Documents\GitHub\zpowermeter\firmwa #
#                          re\CC2530DB\..\Components\mac\high_level\ -I       #
#                          C:\Users\paolo\Documents\GitHub\zpowermeter\firmwa #
#                          re\CC2530DB\..\Components\mac\low_level\srf04\ -I  #
#                          C:\Users\paolo\Documents\GitHub\zpowermeter\firmwa #
#                          re\CC2530DB\..\Components\mac\low_level\srf04\sing #
#                          le_chip\ -I C:\Users\paolo\Documents\GitHub\zpower #
#                          meter\firmware\CC2530DB\..\Components\mt\ -I       #
#                          C:\Users\paolo\Documents\GitHub\zpowermeter\firmwa #
#                          re\CC2530DB\..\Components\osal\include\ -I         #
#                          C:\Users\paolo\Documents\GitHub\zpowermeter\firmwa #
#                          re\CC2530DB\..\Components\services\saddr\ -I       #
#                          C:\Users\paolo\Documents\GitHub\zpowermeter\firmwa #
#                          re\CC2530DB\..\Components\services\sdata\ -I       #
#                          C:\Users\paolo\Documents\GitHub\zpowermeter\firmwa #
#                          re\CC2530DB\..\Components\stack\af\ -I             #
#                          C:\Users\paolo\Documents\GitHub\zpowermeter\firmwa #
#                          re\CC2530DB\..\Components\stack\nwk\ -I            #
#                          C:\Users\paolo\Documents\GitHub\zpowermeter\firmwa #
#                          re\CC2530DB\..\Components\stack\sapi\ -I           #
#                          C:\Users\paolo\Documents\GitHub\zpowermeter\firmwa #
#                          re\CC2530DB\..\Components\stack\sec\ -I            #
#                          C:\Users\paolo\Documents\GitHub\zpowermeter\firmwa #
#                          re\CC2530DB\..\Components\stack\sys\ -I            #
#                          C:\Users\paolo\Documents\GitHub\zpowermeter\firmwa #
#                          re\CC2530DB\..\Components\stack\zcl\ -I            #
#                          C:\Users\paolo\Documents\GitHub\zpowermeter\firmwa #
#                          re\CC2530DB\..\Components\stack\zdo\ -I            #
#                          C:\Users\paolo\Documents\GitHub\zpowermeter\firmwa #
#                          re\CC2530DB\..\Components\zmac\ -I                 #
#                          C:\Users\paolo\Documents\GitHub\zpowermeter\firmwa #
#                          re\CC2530DB\..\Components\zmac\f8w\ -Ohz           #
#                          --require_prototypes                               #
#    List file          =  C:\Users\paolo\Documents\GitHub\zpowermeter\firmwa #
#                          re\CC2530DB\RouterEB\List\OSAL_PowerMeter.lst      #
#    Object file        =  C:\Users\paolo\Documents\GitHub\zpowermeter\firmwa #
#                          re\CC2530DB\RouterEB\Obj\OSAL_PowerMeter.r51       #
#                                                                             #
#                                                                             #
###############################################################################

C:\Users\paolo\Documents\GitHub\zpowermeter\firmware\Source\OSAL_PowerMeter.c
      1          
      2          /**************************************************************************************************
      3          
      4           DESCRIPTION:
      5            --
      6          
      7           CREATED: 14/10/2015, by Paolo Achdjian
      8          
      9           FILE: OSAL_PowerMeter.c
     10          
     11          ***************************************************************************************************/
     12          
     13          
     14          #include "ZComDef.h"
     15          #include "hal_drivers.h"
     16          #include "OSAL.h"
     17          #include "OSAL_Tasks.h"
     18          
     19          #if defined ( MT_TASK )
     20            #include "MT.h"
     21            #include "MT_TASK.h"
     22          #endif
     23          
     24          #include "nwk.h"
     25          #include "APS.h"
     26          #include "ZDApp.h"
     27          #if defined ( ZIGBEE_FREQ_AGILITY ) || defined ( ZIGBEE_PANID_CONFLICT )
     28            #include "ZDNwkMgr.h"
     29          #endif
     30          #if defined ( ZIGBEE_FRAGMENTATION )
     31            #include "aps_frag.h"
     32          #endif
     33          
     34          #include "PowerMeter.h"
     35          #include "CS2530.h"
     36          
     37          /*********************************************************************
     38           * GLOBAL VARIABLES
     39           */
     40          
     41          // The order in this table must be identical to the task initialization calls below in osalInitTask.

   \                                 In  segment XDATA_ROM_C, align 1
     42          const pTaskEventHandlerFn tasksArr[] = {
   \                     tasksArr:
   \   000000   ....         DW ??macEventLoop?relay
   \   000002   ....         DW ??nwk_event_loop?relay
   \   000004   ....         DW ??Hal_ProcessEvent?relay
   \   000006   ....         DW ??APS_event_loop?relay
   \   000008   ....         DW ??APSF_ProcessEvent?relay
   \   00000A   ....         DW ??ZDApp_event_loop?relay
   \   00000C   ....         DW ??ZDNwkMgr_event_loop?relay
   \   00000E   ....         DW ??zcl_event_loop?relay
   \   000010   ....         DW ??powerMeterEventLoop?relay
   \   000012   ....         DW ??CS5463_EventLoop?relay
     43            macEventLoop, //0
     44            nwk_event_loop, //1
     45            Hal_ProcessEvent, //2
     46            APS_event_loop, //3
     47          #if defined ( ZIGBEE_FRAGMENTATION )
     48            APSF_ProcessEvent,
     49          #endif
     50            ZDApp_event_loop,
     51          #if defined ( ZIGBEE_FREQ_AGILITY ) || defined ( ZIGBEE_PANID_CONFLICT )
     52            ZDNwkMgr_event_loop,
     53          #endif
     54            zcl_event_loop,
     55            powerMeterEventLoop,
     56            CS5463_EventLoop
     57          };
     58          

   \                                 In  segment XDATA_ROM_C, align 1
     59          const uint8 tasksCnt = sizeof( tasksArr ) / sizeof( tasksArr[0] );
   \                     tasksCnt:
   \   000000   0A           DB 10

   \                                 In  segment XDATA_Z, align 1, keep-with-next
     60          uint16 *tasksEvents;
   \                     tasksEvents:
   \   000000                DS 2
   \   000002                REQUIRE __INIT_XDATA_Z
     61          
     62          /*********************************************************************
     63           * FUNCTIONS
     64           *********************************************************************/
     65          
     66          /*********************************************************************
     67           * @fn      osalInitTasks
     68           *
     69           * @brief   This function invokes the initialization function for each task.
     70           *
     71           * @param   void
     72           *
     73           * @return  none
     74           */

   \                                 In  segment BANKED_CODE, align 1, keep-with-next
     75          void osalInitTasks( void )
   \                     osalInitTasks:
     76          {
   \   000000   C082         PUSH    DPL
   \   000002   C083         PUSH    DPH
   \   000004                ; Saved register size: 2
   \   000004                ; Auto size: 0
     77            uint8 taskID = 0;
     78          
     79            tasksEvents = (uint16 *)osal_mem_alloc( sizeof( uint16 ) * tasksCnt);
   \   000004                ; Setup parameters for call to function osal_mem_alloc
   \   000004   7A14         MOV     R2,#0x14
   \   000006   7B00         MOV     R3,#0x0
   \   000008   12....       LCALL   ??osal_mem_alloc?relay; Banked call to: osal_mem_alloc
   \   00000B   90....       MOV     DPTR,#tasksEvents
   \   00000E   EA           MOV     A,R2
   \   00000F   F0           MOVX    @DPTR,A
   \   000010   A3           INC     DPTR
   \   000011   EB           MOV     A,R3
   \   000012   F0           MOVX    @DPTR,A
     80            osal_memset( tasksEvents, 0, (sizeof( uint16 ) * tasksCnt));
   \   000013                ; Setup parameters for call to function osal_memset
   \   000013   7C14         MOV     R4,#0x14
   \   000015   7D00         MOV     R5,#0x0
   \   000017   7900         MOV     R1,#0x0
   \   000019   12....       LCALL   ??osal_memset?relay  ; Banked call to: osal_memset
     81          
     82            macTaskInit( taskID++ );
   \   00001C                ; Setup parameters for call to function macTaskInit
   \   00001C   7900         MOV     R1,#0x0
   \   00001E   12....       LCALL   ??macTaskInit?relay  ; Banked call to: macTaskInit
     83            nwk_init( taskID++ );
   \   000021                ; Setup parameters for call to function nwk_init
   \   000021   7901         MOV     R1,#0x1
   \   000023   12....       LCALL   ??nwk_init?relay     ; Banked call to: nwk_init
     84            Hal_Init( taskID++ );
   \   000026                ; Setup parameters for call to function Hal_Init
   \   000026   7902         MOV     R1,#0x2
   \   000028   12....       LCALL   ??Hal_Init?relay     ; Banked call to: Hal_Init
     85            APS_Init( taskID++ );
   \   00002B                ; Setup parameters for call to function APS_Init
   \   00002B   7903         MOV     R1,#0x3
   \   00002D   12....       LCALL   ??APS_Init?relay     ; Banked call to: APS_Init
     86          #if defined ( ZIGBEE_FRAGMENTATION )
     87            APSF_Init( taskID++ );
   \   000030                ; Setup parameters for call to function APSF_Init
   \   000030   7904         MOV     R1,#0x4
   \   000032   12....       LCALL   ??APSF_Init?relay    ; Banked call to: APSF_Init
     88          #endif
     89            ZDApp_Init( taskID++ );
   \   000035                ; Setup parameters for call to function ZDApp_Init
   \   000035   7905         MOV     R1,#0x5
   \   000037   12....       LCALL   ??ZDApp_Init?relay   ; Banked call to: ZDApp_Init
     90          #if defined ( ZIGBEE_FREQ_AGILITY ) || defined ( ZIGBEE_PANID_CONFLICT )
     91            ZDNwkMgr_Init( taskID++ );
   \   00003A                ; Setup parameters for call to function ZDNwkMgr_Init
   \   00003A   7906         MOV     R1,#0x6
   \   00003C   12....       LCALL   ??ZDNwkMgr_Init?relay; Banked call to: ZDNwkMgr_Init
     92          #endif
     93            zcl_Init( taskID++ );
   \   00003F                ; Setup parameters for call to function zcl_Init
   \   00003F   7907         MOV     R1,#0x7
   \   000041   12....       LCALL   ??zcl_Init?relay     ; Banked call to: zcl_Init
     94            powerMeter_Init( taskID++ );
   \   000044                ; Setup parameters for call to function powerMeter_Init
   \   000044   7908         MOV     R1,#0x8
   \   000046   12....       LCALL   ??powerMeter_Init?relay; Banked call to: powerMeter_Init
     95            CS5463_Init(taskID++);
   \   000049                ; Setup parameters for call to function CS5463_Init
   \   000049   7909         MOV     R1,#0x9
   \   00004B   12....       LCALL   ??CS5463_Init?relay  ; Banked call to: CS5463_Init
     96          }
   \   00004E   D083         POP     DPH
   \   000050   D082         POP     DPL
   \   000052   02....       LJMP    ?BRET

   \                                 In  segment BANK_RELAYS, align 1
   \                     ??osalInitTasks?relay:
   \   000000   12....       LCALL   ?BDISPATCH
   \   000003   ......       DC24    osalInitTasks
     97          
     98          /*********************************************************************
     99          *********************************************************************/

   Maximum stack usage in bytes:

   ISTACK Function
   ------ --------
      2   osalInitTasks
        2   -> APSF_Init
        2   -> APS_Init
        2   -> CS5463_Init
        2   -> Hal_Init
        2   -> ZDApp_Init
        2   -> ZDNwkMgr_Init
        2   -> macTaskInit
        2   -> nwk_init
        2   -> osal_mem_alloc
        2   -> osal_memset
        2   -> powerMeter_Init
        2   -> zcl_Init


   Segment part sizes:

   Bytes  Function/Label
   -----  --------------
       6  ??osalInitTasks?relay
      85  osalInitTasks
      20  tasksArr
       1  tasksCnt
       2  tasksEvents

 
 85 bytes in segment BANKED_CODE
  6 bytes in segment BANK_RELAYS
 21 bytes in segment XDATA_ROM_C
  2 bytes in segment XDATA_Z
 
 91 bytes of CODE  memory
 21 bytes of CONST memory
  2 bytes of XDATA memory

Errors: none
Warnings: none
