###############################################################################
#                                                                             #
# IAR C/C++ Compiler V8.30.1.41636 for 8051             30/Oct/2015  18:26:22 #
# Copyright 2004-2013 IAR Systems AB.                                         #
#                                                                             #
#    Core               =  plain                                              #
#    Code model         =  banked                                             #
#    Data model         =  large                                              #
#    Calling convention =  xdata reentrant                                    #
#    Constant location  =  data_rom                                           #
#    Dptr setup         =  1,16                                               #
#                                                                             #
#    Source file        =  C:\Users\paolo\Documents\GitHub\zpowermeter\firmwa #
#                          re\Source\PowerMeter.cpp                           #
#    Command line       =  -f C:\Users\paolo\Documents\GitHub\zpowermeter\fir #
#                          mware\CC2530DB\..\Tools\f8wRouter.cfg (-DCPU32MHZ  #
#                          -DROOT=__near_func -DMAC_CFG_APP_PENDING_QUEUE=TRU #
#                          E -DMAC_CFG_TX_DATA_MAX=5 -DMAC_CFG_TX_MAX=8       #
#                          -DMAC_CFG_RX_MAX=5 -DRTR_NWK) -f                   #
#                          C:\Users\paolo\Documents\GitHub\zpowermeter\firmwa #
#                          re\CC2530DB\..\Tools\f8wConfig.cfg (-DZIGBEEPRO    #
#                          -DSECURE=0 -DZG_SECURE_DYNAMIC=0 -DREFLECTOR       #
#                          -DDEFAULT_CHANLIST=0x00000800                      #
#                          -DZDAPP_CONFIG_PAN_ID=0xFFFF                       #
#                          -DNWK_START_DELAY=100 -DEXTENDED_JOINING_RANDOM_MA #
#                          SK=0x007F -DBEACON_REQUEST_DELAY=100               #
#                          -DBEACON_REQ_DELAY_MASK=0x00FF                     #
#                          -DLINK_STATUS_JITTER_MASK=0x007F                   #
#                          -DROUTE_EXPIRY_TIME=30 -DAPSC_ACK_WAIT_DURATION_PO #
#                          LLED=3000 -DNWK_INDIRECT_MSG_TIMEOUT=7             #
#                          -DMAX_RREQ_ENTRIES=8 -DAPSC_MAX_FRAME_RETRIES=3    #
#                          -DNWK_MAX_DATA_RETRIES=2                           #
#                          -DMAX_POLL_FAILURE_RETRIES=2 -DMAX_BCAST=9         #
#                          -DAPS_MAX_GROUPS=16 -DMAX_RTG_ENTRIES=40           #
#                          -DNWK_MAX_BINDING_ENTRIES=4                        #
#                          -DMAX_BINDING_CLUSTER_IDS=4 "-DDEFAULT_KEY={0x01,  #
#                          0x03, 0x05, 0x07, 0x09, 0x0B, 0x0D, 0x0F, 0x00,    #
#                          0x02, 0x04, 0x06, 0x08, 0x0A, 0x0C, 0x0D}"         #
#                          -DMAC_MAX_FRAME_SIZE=116                           #
#                          -DZDNWKMGR_MIN_TRANSMISSIONS=20 "-DCONST=const     #
#                          __code" -DGENERIC=__generic                        #
#                          -DRFD_RCVC_ALWAYS_ON=FALSE -DPOLL_RATE=5000        #
#                          -DQUEUED_POLL_RATE=100 -DRESPONSE_POLL_RATE=100    #
#                          -DREJOIN_POLL_RATE=440) -f                         #
#                          C:\Users\paolo\Documents\GitHub\zpowermeter\firmwa #
#                          re\CC2530DB\..\Tools\f8wZCL.cfg                    #
#                          C:\Users\paolo\Documents\GitHub\zpowermeter\firmwa #
#                          re\Source\PowerMeter.cpp -D SECURE=0 -D            #
#                          OSC32K_CRYSTAL_INSTALLED=FALSE -D HAL_KEY=FALSE    #
#                          -D HAL_BOARD_CC2530EB_REV17 -D TC_LINKKEY_JOIN -D  #
#                          NV_INIT -D xNV_RESTORE -D MULTICAST_ENABLED=FALSE  #
#                          -D ZCL_READ -D ZCL_WRITE -D ZCL_REPORT -D          #
#                          FEATURE_SYSTEM_STATS -lC                           #
#                          C:\Users\paolo\Documents\GitHub\zpowermeter\firmwa #
#                          re\CC2530DB\RouterEB\List\ -lA                     #
#                          C:\Users\paolo\Documents\GitHub\zpowermeter\firmwa #
#                          re\CC2530DB\RouterEB\List\ --diag_suppress         #
#                          Pe001,Pa010 -o C:\Users\paolo\Documents\GitHub\zpo #
#                          wermeter\firmware\CC2530DB\RouterEB\Obj\ -e        #
#                          --debug --core=plain --dptr=16,1                   #
#                          --data_model=large --code_model=banked             #
#                          --calling_convention=xdata_reentrant               #
#                          --place_constants=data_rom --nr_virtual_regs 16    #
#                          -I C:\Users\paolo\Documents\GitHub\zpowermeter\fir #
#                          mware\CC2530DB\ -I C:\Users\paolo\Documents\GitHub #
#                          \zpowermeter\firmware\CC2530DB\..\Source\ -I       #
#                          C:\Users\paolo\Documents\GitHub\zpowermeter\firmwa #
#                          re\CC2530DB\..\Source\ha\ -I                       #
#                          C:\Users\paolo\Documents\GitHub\zpowermeter\firmwa #
#                          re\CC2530DB\..\Source\zmain\ -I                    #
#                          C:\Users\paolo\Documents\GitHub\zpowermeter\firmwa #
#                          re\CC2530DB\..\Components\hal\include\ -I          #
#                          C:\Users\paolo\Documents\GitHub\zpowermeter\firmwa #
#                          re\CC2530DB\..\Components\hal\target\CC2530EB\ -I  #
#                          C:\Users\paolo\Documents\GitHub\zpowermeter\firmwa #
#                          re\CC2530DB\..\Components\mac\include\ -I          #
#                          C:\Users\paolo\Documents\GitHub\zpowermeter\firmwa #
#                          re\CC2530DB\..\Components\mac\high_level\ -I       #
#                          C:\Users\paolo\Documents\GitHub\zpowermeter\firmwa #
#                          re\CC2530DB\..\Components\mac\low_level\srf04\ -I  #
#                          C:\Users\paolo\Documents\GitHub\zpowermeter\firmwa #
#                          re\CC2530DB\..\Components\mac\low_level\srf04\sing #
#                          le_chip\ -I C:\Users\paolo\Documents\GitHub\zpower #
#                          meter\firmware\CC2530DB\..\Components\mt\ -I       #
#                          C:\Users\paolo\Documents\GitHub\zpowermeter\firmwa #
#                          re\CC2530DB\..\Components\osal\include\ -I         #
#                          C:\Users\paolo\Documents\GitHub\zpowermeter\firmwa #
#                          re\CC2530DB\..\Components\services\saddr\ -I       #
#                          C:\Users\paolo\Documents\GitHub\zpowermeter\firmwa #
#                          re\CC2530DB\..\Components\services\sdata\ -I       #
#                          C:\Users\paolo\Documents\GitHub\zpowermeter\firmwa #
#                          re\CC2530DB\..\Components\stack\af\ -I             #
#                          C:\Users\paolo\Documents\GitHub\zpowermeter\firmwa #
#                          re\CC2530DB\..\Components\stack\nwk\ -I            #
#                          C:\Users\paolo\Documents\GitHub\zpowermeter\firmwa #
#                          re\CC2530DB\..\Components\stack\sapi\ -I           #
#                          C:\Users\paolo\Documents\GitHub\zpowermeter\firmwa #
#                          re\CC2530DB\..\Components\stack\sec\ -I            #
#                          C:\Users\paolo\Documents\GitHub\zpowermeter\firmwa #
#                          re\CC2530DB\..\Components\stack\sys\ -I            #
#                          C:\Users\paolo\Documents\GitHub\zpowermeter\firmwa #
#                          re\CC2530DB\..\Components\stack\zcl\ -I            #
#                          C:\Users\paolo\Documents\GitHub\zpowermeter\firmwa #
#                          re\CC2530DB\..\Components\stack\zdo\ -I            #
#                          C:\Users\paolo\Documents\GitHub\zpowermeter\firmwa #
#                          re\CC2530DB\..\Components\zmac\ -I                 #
#                          C:\Users\paolo\Documents\GitHub\zpowermeter\firmwa #
#                          re\CC2530DB\..\Components\zmac\f8w\ -Ohz --eec++   #
#    List file          =  C:\Users\paolo\Documents\GitHub\zpowermeter\firmwa #
#                          re\CC2530DB\RouterEB\List\PowerMeter.lst           #
#    Object file        =  C:\Users\paolo\Documents\GitHub\zpowermeter\firmwa #
#                          re\CC2530DB\RouterEB\Obj\PowerMeter.r51            #
#                                                                             #
#                                                                             #
###############################################################################

C:\Users\paolo\Documents\GitHub\zpowermeter\firmware\Source\PowerMeter.cpp
      1          /**************************************************************************************************
      2          
      3           DESCRIPTION:
      4            --
      5          
      6           CREATED: 14/10/2015, by Paolo Achdjian
      7          
      8           FILE: PowerMeter.c
      9          
     10          ***************************************************************************************************/
     11          
     12          #include "ZComDef.h"
     13          #include "OSAL.h"
     14          #include "AF.h"
     15          #include "ZDApp.h"
     16          
     17          #include "zcl.h"
     18          #include "zcl_general.h"
     19          #include "zcl_ha.h"
     20          #include "PowerMeter.h"
     21          #include "onboard.h"

   \                                 In  segment SFR_AN, at 0xa8
   \   union <unnamed> volatile __sfr _A_IEN0
   \                     _A_IEN0:
   \   000000                DS 1
     22          /* HAL */
     23          #include "hal_lcd.h"
     24          #include "hal_led.h"
     25          #include "hal_key.h"
     26          #include "clusters/ClusterIdentify.h"
     27          #include "clusters/ClusterBasic.h"
     28          #include "clusters/ClusterOnOff.h"
     29          

   \                                 In  segment XDATA_Z, align 1, keep-with-next
     30          static byte zPowerMeterTaskID;
   \                     zPowerMeterTaskID:
   \   000000                DS 1
   \   000001                REQUIRE __INIT_XDATA_Z
     31          
     32          
     33          static void zPowerMeter_ProcessIncomingMsg( zclIncomingMsg_t *msg );
     34          static uint8 zPowerMeter_ProcessInReadRspCmd( zclIncomingMsg_t *pInMsg );
     35          static uint8 zPowerMeter_ProcessInWriteRspCmd( zclIncomingMsg_t *pInMsg );
     36          static uint8 zPowerMeter_ProcessInDefaultRspCmd( zclIncomingMsg_t *pInMsg );
     37          #ifdef ZCL_DISCOVER
     38          static uint8 zPowerMeter_ProcessInDiscRspCmd( zclIncomingMsg_t *pInMsg );
     39          #endif
     40          static ZStatus_t handleClusterCommands( zclIncoming_t *pInMsg );
     41          /*********************************************************************
     42           * ZCL General Profile Callback table
     43           */
     44          /*********************************************************************
     45           * @fn          temperatureHumiditySensor_Init
     46           *
     47           * @brief       Initialization function for the zclGeneral layer.
     48           *
     49           * @param       none
     50           *
     51           * @return      none
     52           */

   \                                 In  segment BANKED_CODE, align 1, keep-with-next
     53          void powerMeter_Init( byte task_id ){
   \                     powerMeter_Init:
   \   000000                REQUIRE ?V0
   \   000000                REQUIRE ?V1
   \   000000   74F6         MOV     A,#-0xa
   \   000002   12....       LCALL   ?BANKED_ENTER_XDATA
   \   000005                ; Saved register size: 10
   \   000005                ; Auto size: 0
   \   000005   E9           MOV     A,R1
     54          	zPowerMeterTaskID = task_id;
   \   000006   90....       MOV     DPTR,#zPowerMeterTaskID
   \   000009   F0           MOVX    @DPTR,A
     55          	zclHA_Init( &OnOff_SimpleDesc );
   \   00000A                ; Setup parameters for call to function zclHA_Init
   \   00000A   7A..         MOV     R2,#OnOff_SimpleDesc & 0xff
   \   00000C   7B..         MOV     R3,#(OnOff_SimpleDesc >> 8) & 0xff
   \   00000E   12....       LCALL   ??zclHA_Init?relay   ; Banked call to: zclHA_Init
     56          	zcl_registerPlugin( ZCL_CLUSTER_ID_GEN_BASIC,  ZCL_CLUSTER_ID_GEN_MULTISTATE_VALUE_BASIC,    handleClusterCommands );
   \   000011                ; Setup parameters for call to function zcl_registerPlugin
   \   000011   75....       MOV     ?V0,#??handleClusterCommands?relay & 0xff
   \   000014   75....       MOV     ?V1,#(??handleClusterCommands?relay >> 8) & 0xff
   \   000017   78..         MOV     R0,#?V0
   \   000019   12....       LCALL   ?PUSH_XSTACK_I_TWO
   \   00001C   7C14         MOV     R4,#0x14
   \   00001E   7D00         MOV     R5,#0x0
   \   000020   7A00         MOV     R2,#0x0
   \   000022   7B00         MOV     R3,#0x0
   \   000024   12....       LCALL   ??zcl_registerPlugin?relay; Banked call to: zcl_registerPlugin
   \   000027   7402         MOV     A,#0x2
   \   000029   12....       LCALL   ?DEALLOC_XSTACK8
     57           	zcl_registerAttrList(ENDPOINT_ONOFF, onOffAttrs );
   \   00002C                ; Setup parameters for call to function zcl_registerAttrList
   \   00002C   7A..         MOV     R2,#onOffAttrs & 0xff
   \   00002E   7B..         MOV     R3,#(onOffAttrs >> 8) & 0xff
   \   000030   790D         MOV     R1,#0xd
   \   000032   12....       LCALL   ??zcl_registerAttrList?relay; Banked call to: zcl_registerAttrList
     58            	zcl_registerForMsg( zPowerMeterTaskID );
   \   000035                ; Setup parameters for call to function zcl_registerForMsg
   \   000035   90....       MOV     DPTR,#zPowerMeterTaskID
   \   000038   E0           MOVX    A,@DPTR
   \   000039   F9           MOV     R1,A
   \   00003A   12....       LCALL   ??zcl_registerForMsg?relay; Banked call to: zcl_registerForMsg
     59          	
     60          	zclHA_Init( &SmartPlug_SimpleDesc );
   \   00003D                ; Setup parameters for call to function zclHA_Init
   \   00003D   7A..         MOV     R2,#SmartPlug_SimpleDesc & 0xff
   \   00003F   7B..         MOV     R3,#(SmartPlug_SimpleDesc >> 8) & 0xff
   \   000041   12....       LCALL   ??zclHA_Init?relay   ; Banked call to: zclHA_Init
     61           	zcl_registerAttrList(ENDPOINT_SMART_PLUG, smartPlugAttrs );
   \   000044                ; Setup parameters for call to function zcl_registerAttrList
   \   000044   7A..         MOV     R2,#smartPlugAttrs & 0xff
   \   000046   7B..         MOV     R3,#(smartPlugAttrs >> 8) & 0xff
   \   000048   790F         MOV     R1,#0xf
   \   00004A   12....       LCALL   ??zcl_registerAttrList?relay; Banked call to: zcl_registerAttrList
     62            
     63            	EA=1;
   \   00004D   D2AF         SETB    0xa8.7
     64           	identifyInit(zPowerMeterTaskID);
   \   00004F                ; Setup parameters for call to function identifyInit(byte)
   \   00004F   90....       MOV     DPTR,#zPowerMeterTaskID
   \   000052   E0           MOVX    A,@DPTR
   \   000053   F9           MOV     R1,A
   \   000054   12....       LCALL   ??identifyInit?relay ; Banked call to: identifyInit(byte)
     65          	onOffInit();
   \   000057                ; Setup parameters for call to function onOffInit()
   \   000057   12....       LCALL   ??onOffInit?relay    ; Banked call to: onOffInit()
     66          }
   \   00005A                REQUIRE ?Subroutine0
   \   00005A                REQUIRE _A_IEN0
   \   00005A                ; // Fall through to label ?Subroutine0

   \                                 In  segment BANKED_CODE, align 1, keep-with-next
   \                     ?Subroutine0:
   \   000000   7F02         MOV     R7,#0x2
   \   000002   02....       LJMP    ?BANKED_LEAVE_XDATA
     67          
     68          /*********************************************************************
     69           * @fn          zclSample_event_loop
     70           *
     71           * @brief       Event Loop Processor for zclGeneral.
     72           *
     73           * @param       none
     74           *
     75           * @return      none
     76           */

   \                                 In  segment BANKED_CODE, align 1, keep-with-next
     77          uint16 powerMeterEventLoop( uint8 task_id, uint16 events ){
   \                     powerMeterEventLoop:
   \   000000                REQUIRE ?V0
   \   000000                REQUIRE ?V1
   \   000000                REQUIRE ?V2
   \   000000                REQUIRE ?V3
   \   000000   74F4         MOV     A,#-0xc
   \   000002   12....       LCALL   ?BANKED_ENTER_XDATA
   \   000005                ; Saved register size: 12
   \   000005                ; Auto size: 0
   \   000005   8A..         MOV     ?V0,R2
   \   000007   8B..         MOV     ?V1,R3
     78          	afIncomingMSGPacket_t *MSGpkt;
     79            
     80          	  (void)task_id;  // Intentionally unreferenced parameter
     81          	 if ( events & SYS_EVENT_MSG ){
   \   000009   EB           MOV     A,R3
   \   00000A   5480         ANL     A,#0x80
   \   00000C   7029         JNZ     ??powerMeterEventLoop_0
     82          		while ( (MSGpkt = (afIncomingMSGPacket_t *)osal_msg_receive( zPowerMeterTaskID )) )  {
     83          			switch ( MSGpkt->hdr.event ) {
     84          				case ZCL_INCOMING_MSG:
     85                    			// Incoming ZCL Foundation command/response messages
     86                    			zPowerMeter_ProcessIncomingMsg( (zclIncomingMsg_t *)MSGpkt );
     87                    			break;
     88          		       default:
     89                  		  break;
     90                		}
     91          
     92                  osal_msg_deallocate( (uint8 *)MSGpkt );
     93              	}
     94          
     95              	return (events ^ SYS_EVENT_MSG);
     96          	}
     97          	
     98          	if ( events & IDENTIFY_TIMEOUT_EVT ) {
   \   00000E   EA           MOV     A,R2
   \   00000F   A2E0         MOV     C,0xE0 /* A   */.0
   \   000011   5076         JNC     ??powerMeterEventLoop_1
     99          		return identifyLoop(events);
   \   000013                ; Setup parameters for call to function identifyLoop(uint16)
   \   000013   12....       LCALL   ??identifyLoop?relay ; Banked call to: identifyLoop(uint16)
   \   000016   8075         SJMP    ??powerMeterEventLoop_2
    100          	}
   \                     ??powerMeterEventLoop_3:
   \   000018   09           INC     R1
   \                     ??powerMeterEventLoop_4:
   \   000019   E0           MOVX    A,@DPTR
   \   00001A   F8           MOV     R0,A
   \   00001B   E9           MOV     A,R1
   \   00001C   C3           CLR     C
   \   00001D   98           SUBB    A,R0
   \   00001E   40F8         JC      ??powerMeterEventLoop_3
   \                     ??powerMeterEventLoop_5:
   \   000020   8A82         MOV     DPL,R2
   \   000022   8B83         MOV     DPH,R3
   \   000024   E0           MOVX    A,@DPTR
   \   000025   FA           MOV     R2,A
   \   000026   A3           INC     DPTR
   \   000027   E0           MOVX    A,@DPTR
   \   000028   FB           MOV     R3,A
   \   000029   EA           MOV     A,R2
   \   00002A   4B           ORL     A,R3
   \   00002B   6003         JZ      ??powerMeterEventLoop_6
   \   00002D                ; Setup parameters for call to function osal_mem_free
   \   00002D   12....       LCALL   ??osal_mem_free?relay; Banked call to: osal_mem_free
   \                     ??powerMeterEventLoop_6:
   \   000030                ; Setup parameters for call to function osal_msg_deallocate
   \   000030   EE           MOV     A,R6
   \   000031   FA           MOV     R2,A
   \   000032   EF           MOV     A,R7
   \   000033   FB           MOV     R3,A
   \   000034   12....       LCALL   ??osal_msg_deallocate?relay; Banked call to: osal_msg_deallocate
   \                     ??powerMeterEventLoop_0:
   \   000037                ; Setup parameters for call to function osal_msg_receive
   \   000037   90....       MOV     DPTR,#zPowerMeterTaskID
   \   00003A   E0           MOVX    A,@DPTR
   \   00003B   F9           MOV     R1,A
   \   00003C   12....       LCALL   ??osal_msg_receive?relay; Banked call to: osal_msg_receive
   \   00003F   8A..         MOV     ?V2,R2
   \   000041   8B..         MOV     ?V3,R3
   \   000043   AE..         MOV     R6,?V2
   \   000045   AF..         MOV     R7,?V3
   \   000047   EE           MOV     A,R6
   \   000048   4F           ORL     A,R7
   \   000049   6035         JZ      ??powerMeterEventLoop_7
   \   00004B   8E82         MOV     DPL,R6
   \   00004D   8F83         MOV     DPH,R7
   \   00004F   E0           MOVX    A,@DPTR
   \   000050   6434         XRL     A,#0x34
   \   000052   70DC         JNZ     ??powerMeterEventLoop_6
   \   000054   EE           MOV     A,R6
   \   000055   2417         ADD     A,#0x17
   \   000057   F8           MOV     R0,A
   \   000058   E4           CLR     A
   \   000059   3F           ADDC    A,R7
   \   00005A   F9           MOV     R1,A
   \   00005B   E8           MOV     A,R0
   \   00005C   FA           MOV     R2,A
   \   00005D   E9           MOV     A,R1
   \   00005E   FB           MOV     R3,A
   \   00005F   A3           INC     DPTR
   \   000060   A3           INC     DPTR
   \   000061   A3           INC     DPTR
   \   000062   A3           INC     DPTR
   \   000063   A3           INC     DPTR
   \   000064   A3           INC     DPTR
   \   000065   A3           INC     DPTR
   \   000066   E0           MOVX    A,@DPTR
   \   000067   14           DEC     A
   \   000068   6011         JZ      ??powerMeterEventLoop_8
   \   00006A   24FD         ADD     A,#-0x3
   \   00006C   70B2         JNZ     ??powerMeterEventLoop_5
   \   00006E   12....       LCALL   ?Subroutine1 & 0xFFFF
   \                     ??CrossCallReturnLabel_0:
   \   000071   E0           MOVX    A,@DPTR
   \   000072   F8           MOV     R0,A
   \   000073   E9           MOV     A,R1
   \   000074   C3           CLR     C
   \   000075   98           SUBB    A,R0
   \   000076   50A8         JNC     ??powerMeterEventLoop_5
   \   000078   09           INC     R1
   \   000079   80F6         SJMP    ??CrossCallReturnLabel_0
   \                     ??powerMeterEventLoop_8:
   \   00007B   12....       LCALL   ?Subroutine1 & 0xFFFF
   \                     ??CrossCallReturnLabel_1:
   \   00007E   8099         SJMP    ??powerMeterEventLoop_4
   \                     ??powerMeterEventLoop_7:
   \   000080   AA..         MOV     R2,?V0
   \   000082   E5..         MOV     A,?V1
   \   000084   6480         XRL     A,#0x80
   \   000086   FB           MOV     R3,A
   \   000087   8004         SJMP    ??powerMeterEventLoop_2
    101          	
    102           	return 0;
   \                     ??powerMeterEventLoop_1:
   \   000089   7A00         MOV     R2,#0x0
   \   00008B   7B00         MOV     R3,#0x0
   \                     ??powerMeterEventLoop_2:
   \   00008D   7F04         MOV     R7,#0x4
   \   00008F   02....       LJMP    ?BANKED_LEAVE_XDATA
    103          }

   \                                 In  segment BANKED_CODE, align 1, keep-with-next
   \                     ?Subroutine1:
   \   000000   8A82         MOV     DPL,R2
   \   000002   8B83         MOV     DPH,R3
   \   000004   E0           MOVX    A,@DPTR
   \   000005   F8           MOV     R0,A
   \   000006   A3           INC     DPTR
   \   000007   E0           MOVX    A,@DPTR
   \   000008   F9           MOV     R1,A
   \   000009   8882         MOV     DPL,R0
   \   00000B   8983         MOV     DPH,R1
   \   00000D   7900         MOV     R1,#0x0
   \   00000F   22           RET
    104          
    105          /****************************************************************************** 
    106           * 
    107           *  Functions for processing ZCL Foundation incoming Command/Response messages
    108           *
    109           *****************************************************************************/
    110          
    111          /*********************************************************************
    112           * @fn      zPowerMeter_ProcessIncomingMsg
    113           *
    114           * @brief   Process ZCL Foundation incoming message
    115           *
    116           * @param   pInMsg - pointer to the received message
    117           *
    118           * @return  none
    119           */
    120          static void zPowerMeter_ProcessIncomingMsg( zclIncomingMsg_t *pInMsg){
    121          	switch ( pInMsg->zclHdr.commandID ){
    122          		case ZCL_CMD_READ_RSP:
    123          			zPowerMeter_ProcessInReadRspCmd( pInMsg );
    124          			break;
    125          		case ZCL_CMD_WRITE_RSP:
    126          			zPowerMeter_ProcessInWriteRspCmd( pInMsg );
    127          			break;
    128          #ifdef ZCL_REPORT
    129              // See ZCL Test Applicaiton (zcl_testapp.c) for sample code on Attribute Reporting
    130          		case ZCL_CMD_CONFIG_REPORT:
    131                	//zclSampleLight_ProcessInConfigReportCmd( pInMsg );
    132          			break;
    133              
    134          		case ZCL_CMD_CONFIG_REPORT_RSP:
    135                //zclSampleLight_ProcessInConfigReportRspCmd( pInMsg );
    136          			break;
    137              
    138          		case ZCL_CMD_READ_REPORT_CFG:
    139                //zclSampleLight_ProcessInReadReportCfgCmd( pInMsg );
    140          			break;
    141              
    142          		case ZCL_CMD_READ_REPORT_CFG_RSP:
    143                //zclSampleLight_ProcessInReadReportCfgRspCmd( pInMsg );
    144          			break;
    145              
    146          		case ZCL_CMD_REPORT:
    147                	//zclSampleLight_ProcessInReportCmd( pInMsg );
    148          			break;
    149          #endif   
    150          		case ZCL_CMD_DEFAULT_RSP:
    151          			zPowerMeter_ProcessInDefaultRspCmd( pInMsg );
    152          			break;
    153          #ifdef ZCL_DISCOVER     
    154          		case ZCL_CMD_DISCOVER_RSP:
    155          			zPowerMeter_ProcessInDiscRspCmd( pInMsg );
    156          			break;
    157          #endif  
    158          		default:
    159          			break;
    160          	}
    161            
    162          	if ( pInMsg->attrCmd )
    163              	osal_mem_free( pInMsg->attrCmd );
    164          }
    165          
    166          /*********************************************************************
    167           * @fn      zPowerMeter_ProcessInReadRspCmd
    168           *
    169           * @brief   Process the "Profile" Read Response Command
    170           *
    171           * @param   pInMsg - incoming message to process
    172           *
    173           * @return  none
    174           */
    175          static uint8 zPowerMeter_ProcessInReadRspCmd( zclIncomingMsg_t *pInMsg ){
    176          	zclReadRspCmd_t *readRspCmd;
    177          	uint8 i;
    178          
    179          	readRspCmd = (zclReadRspCmd_t *)pInMsg->attrCmd;
    180          	for (i = 0; i < readRspCmd->numAttr; i++){
    181          		// Notify the originator of the results of the original read attributes attempt and, for each successfull request, the value of the requested attribute
    182          	}
    183          
    184          	return TRUE; 
    185          }
    186          
    187          /*********************************************************************
    188           * @fn      zPowerMeter_ProcessInWriteRspCmd
    189           *
    190           * @brief   Process the "Profile" Write Response Command
    191           *
    192           * @param   pInMsg - incoming message to process
    193           *
    194           * @return  none
    195           */
    196          static uint8 zPowerMeter_ProcessInWriteRspCmd( zclIncomingMsg_t *pInMsg ){
    197           	ZclWriteRspCmd *writeRspCmd;
    198           	uint8 i;
    199          
    200           	writeRspCmd = (ZclWriteRspCmd *)pInMsg->attrCmd;
    201           	for (i = 0; i < writeRspCmd->numAttr; i++) {
    202          		// Notify the device of the results of the its original write attributes command.
    203           	}
    204          
    205           	return TRUE; 
    206          }
    207          
    208          /*********************************************************************
    209           * @fn      zPowerMeter_ProcessInDefaultRspCmd
    210           *
    211           * @brief   Process the "Profile" Default Response Command
    212           *
    213           * @param   pInMsg - incoming message to process
    214           *
    215           * @return  none
    216           */
    217          static uint8 zPowerMeter_ProcessInDefaultRspCmd( zclIncomingMsg_t *pInMsg ){
    218          	// zclDefaultRspCmd_t *defaultRspCmd = (zclDefaultRspCmd_t *)pInMsg->attrCmd;
    219             
    220          	// Device is notified of the Default Response command.
    221            	(void)pInMsg;
    222            
    223            	return TRUE; 
    224          }
    225          
    226          #ifdef ZCL_DISCOVER
    227          /*********************************************************************
    228           * @fn      zPowerMeter_ProcessInDiscRspCmd
    229           *
    230           * @brief   Process the "Profile" Discover Response Command
    231           *
    232           * @param   pInMsg - incoming message to process
    233           *
    234           * @return  none
    235           */
    236          static uint8 zPowerMeter_ProcessInDiscRspCmd( zclIncomingMsg_t *pInMsg ){
    237          	zclDiscoverRspCmd_t *discoverRspCmd;
    238           	uint8 i;
    239            
    240           	discoverRspCmd = (zclDiscoverRspCmd_t *)pInMsg->attrCmd;
    241            	for ( i = 0; i < discoverRspCmd->numAttr; i++ ) {
    242          		// Device is notified of the result of its attribute discovery command.
    243            	}
    244            
    245           	return TRUE;
    246          }
    247          #endif // ZCL_DISCOVER
    248          
    249          /*********************************************************************
    250           * @brief      dispatch the cluster command to the right callback function
    251           *
    252           * @param   pInMsg - incoming message to process
    253           *
    254           * @return  none
    255           */

   \                                 In  segment BANKED_CODE, align 1, keep-with-next
    256          static ZStatus_t handleClusterCommands( zclIncoming_t *pInMsg ){
   \                     ??handleClusterCommands:
   \   000000                REQUIRE ?V0
   \   000000                REQUIRE ?V1
   \   000000   74F6         MOV     A,#-0xa
   \   000002   12....       LCALL   ?BANKED_ENTER_XDATA
   \   000005                ; Saved register size: 10
   \   000005                ; Auto size: 0
   \   000005   8A82         MOV     DPL,R2
   \   000007   8B83         MOV     DPH,R3
   \   000009   E0           MOVX    A,@DPTR
   \   00000A   F8           MOV     R0,A
   \   00000B   A3           INC     DPTR
   \   00000C   E0           MOVX    A,@DPTR
   \   00000D   F583         MOV     DPH,A
   \   00000F   8882         MOV     DPL,R0
   \   000011   A3           INC     DPTR
   \   000012   A3           INC     DPTR
   \   000013   A3           INC     DPTR
   \   000014   A3           INC     DPTR
   \   000015   E0           MOVX    A,@DPTR
   \   000016   F5..         MOV     ?V0,A
   \   000018   A3           INC     DPTR
   \   000019   E0           MOVX    A,@DPTR
   \   00001A   F5..         MOV     ?V1,A
   \   00001C   8A82         MOV     DPL,R2
   \   00001E   8B83         MOV     DPH,R3
   \   000020   A3           INC     DPTR
   \   000021   A3           INC     DPTR
   \   000022   E0           MOVX    A,@DPTR
   \   000023   5408         ANL     A,#0x8
   \   000025   701C         JNZ     ??handleClusterCommands_1
    257          	ZStatus_t stat = ZFailure;
    258          
    259          	if (zcl_ServerCmd( pInMsg->hdr.fc.direction ) ) {
    260          		switch ( pInMsg->msg->clusterId ){
   \   000027   78..         MOV     R0,#?V0
   \   000029   12....       LCALL   ?US_SWITCH_DENSE
   \                     `?<Jumptable for handleClusterCommands>_0`:
   \   00002C   0000         DW        0
   \   00002E   03           DB        3
   \   00002F   ....         DW        ??handleClusterCommands_2
   \   000031   ....         DW        ??handleClusterCommands_3
   \   000033   ....         DW        ??handleClusterCommands_2
   \   000035   ....         DW        ??handleClusterCommands_2
   \   000037   ....         DW        ??handleClusterCommands_4
    261          		    case ZCL_CLUSTER_ID_GEN_BASIC:
    262              		return processBasicClusterCommands(pInMsg);
   \                     ??handleClusterCommands_3:
   \   000039                ; Setup parameters for call to function processBasicClusterCommands(zclIncoming_t *)
   \   000039   12....       LCALL   ??processBasicClusterCommands?relay; Banked call to: processBasicClusterCommands(zclIncoming_t *)
   \   00003C   8014         SJMP    ??handleClusterCommands_5
    263          	    case ZCL_CLUSTER_ID_GEN_IDENTIFY:
    264          			return processIdentifyClusterServerCommands( pInMsg );
   \                     ??handleClusterCommands_4:
   \   00003E                ; Setup parameters for call to function processIdentifyClusterServerCommands(zclIncoming_t *)
   \   00003E   12....       LCALL   ??processIdentifyClusterServerCommands?relay; Banked call to: processIdentifyClusterServerCommands(zclIncoming_t *)
   \   000041   800F         SJMP    ??handleClusterCommands_5
    265          	    case ZCL_CLUSTER_ID_GEN_GROUPS:
    266              	case ZCL_CLUSTER_ID_GEN_SCENES:
    267          	    case ZCL_CLUSTER_ID_GEN_ON_OFF:
    268              	case ZCL_CLUSTER_ID_GEN_LEVEL_CONTROL:
    269          	    case ZCL_CLUSTER_ID_GEN_ALARMS:
    270              	case ZCL_CLUSTER_ID_GEN_LOCATION:
    271          	    case ZCL_CLUSTER_ID_GEN_POWER_CFG:
    272              	case ZCL_CLUSTER_ID_GEN_DEVICE_TEMP_CONFIG:
    273          	    case ZCL_CLUSTER_ID_GEN_ON_OFF_SWITCH_CONFIG:
    274              	case ZCL_CLUSTER_ID_GEN_TIME:
    275          	    default:
    276              	  stat = ZFailure;
    277          	      break;
    278            		}
    279          	} else {
    280          		switch ( pInMsg->msg->clusterId ){
   \                     ??handleClusterCommands_1:
   \   000043   7403         MOV     A,#0x3
   \   000045   65..         XRL     A,?V0
   \   000047   45..         ORL     A,?V1
   \   000049   7005         JNZ     ??handleClusterCommands_2
    281          	
    282            	    case ZCL_CLUSTER_ID_GEN_IDENTIFY:
    283          			return processIdentifyClusterClientCommands( pInMsg );
   \   00004B                ; Setup parameters for call to function processIdentifyClusterClientCommands(zclIncoming_t *)
   \   00004B   12....       LCALL   ??processIdentifyClusterClientCommands?relay; Banked call to: processIdentifyClusterClientCommands(zclIncoming_t *)
   \   00004E   8002         SJMP    ??handleClusterCommands_5
    284          	    default:
    285              	  stat = ZFailure;
    286          	      break;
    287            		}
    288          	}
    289          
    290            return ( stat );
   \                     ??handleClusterCommands_2:
   \   000050   7901         MOV     R1,#0x1
   \                     ??handleClusterCommands_5:
   \   000052   02....       LJMP    ?Subroutine0 & 0xFFFF
    291          }

   \                                 In  segment BANK_RELAYS, align 1
   \                     ??powerMeter_Init?relay:
   \   000000   12....       LCALL   ?BDISPATCH
   \   000003   ......       DC24    powerMeter_Init

   \                                 In  segment BANK_RELAYS, align 1
   \                     ??powerMeterEventLoop?relay:
   \   000000   12....       LCALL   ?BDISPATCH
   \   000003   ......       DC24    powerMeterEventLoop

   \                                 In  segment BANK_RELAYS, align 1
   \                     ??handleClusterCommands?relay:
   \   000000   12....       LCALL   ?BDISPATCH
   \   000003   ......       DC24    ??handleClusterCommands
    292          
    293          
    294          
    295          /****************************************************************************
    296          ****************************************************************************/
    297          
    298          

   Maximum stack usage in bytes:

   XSTACK Function
   ------ --------
     10   handleClusterCommands(zclIncoming_t *)
       10   -> processBasicClusterCommands(zclIncoming_t *)
       10   -> processIdentifyClusterClientCommands(zclIncoming_t *)
       10   -> processIdentifyClusterServerCommands(zclIncoming_t *)
     12   powerMeterEventLoop
       12   -> identifyLoop(uint16)
       12   -> osal_mem_free
       12   -> osal_msg_deallocate
       12   -> osal_msg_receive
     12   powerMeter_Init
       10   -> identifyInit(byte)
       10   -> onOffInit()
       10   -> zclHA_Init
       10   -> zcl_registerAttrList
       10   -> zcl_registerForMsg
       12   -> zcl_registerPlugin


   Segment part sizes:

   Bytes  Function/Label
   -----  --------------
       6  ??handleClusterCommands?relay
       6  ??powerMeterEventLoop?relay
       6  ??powerMeter_Init?relay
       5  ?Subroutine0
      16  ?Subroutine1
       1  _A_IEN0
      85  handleClusterCommands(zclIncoming_t *)
     146  powerMeterEventLoop
      90  powerMeter_Init
       1  zPowerMeterTaskID

 
 342 bytes in segment BANKED_CODE
  18 bytes in segment BANK_RELAYS
   1 byte  in segment SFR_AN
   1 byte  in segment XDATA_Z
 
 360 bytes of CODE  memory
   0 bytes of DATA  memory (+ 1 byte shared)
   1 byte  of XDATA memory

Errors: none
Warnings: none
